<html>
<body>
<pre>
<h1>礦ision Build Log</h1>
<h2>Tool Versions:</h2>
IDE-Version: μVision V5.38.0.0
Copyright (C) 2022 ARM Ltd and ARM Germany GmbH. All rights reserved.
License Information: 111 HUAWEI, 22, LIC=BUURY-I51X7-8T33P-MGRXW-CALNF-X8DI1
 
Tool Versions:
Toolchain:       MDK-ARM Plus  Version: 5.38.0.0
Toolchain Path:  D:\stm32\keil\core\ARM\ARMCC\Bin
C Compiler:      Armcc.exe V5.06 update 7 (build 960)
Assembler:       Armasm.exe V5.06 update 7 (build 960)
Linker/Locator:  ArmLink.exe V5.06 update 7 (build 960)
Library Manager: ArmAr.exe V5.06 update 7 (build 960)
Hex Converter:   FromElf.exe V5.06 update 7 (build 960)
CPU DLL:         SARMCM3.DLL V5.38.0.0
Dialog DLL:      DCM.DLL V1.17.5.0
Target DLL:      STLink\ST-LINKIII-KEIL_SWO.dll V3.1.0.0
Dialog DLL:      TCM.DLL V1.56.4.0
 
<h2>Project:</h2>
D:\stm32\project\stm32study2024\Product\三参算法合集\三参算法\Project\STM32KeilPrj.uvprojx
Project File Date:  08/16/2024

<h2>Output:</h2>
*** Using Compiler 'V5.06 update 7 (build 960)', folder: 'D:\stm32\keil\core\ARM\ARMCC\Bin'
Rebuild target 'Target 1'
Note: source file '..\HW\DAC\Wave.c' - object file renamed from '.\Objects\Wave.o' to '.\Objects\wave_1.o'.
compiling ProcHostCmd.c...
..\App\ProcHostCmd\ProcHostCmd.c(57): warning:  #550-D: variable "wave"  was set but never used
    StructDACWave wave;   //DAC波形属性
..\App\ProcHostCmd\ProcHostCmd.c: 1 warning, 0 errors
compiling TempRext.c...
compiling Bright.c...
compiling PackUnpack.c...
compiling SendDataToHost.c...
compiling Pluse.c...
compiling KeyOne.c...
compiling ProcKeyOne.c...
compiling LED.c...
compiling Temp.c...
compiling Main.c...
compiling SpoVal.c...
compiling Queue.c...
compiling Filter.c...
compiling RCC.c...
compiling Timer.c...
compiling ECG.c...
compiling U16Queue.c...
compiling VDC.c...
compiling Wave.c...
compiling UART1.c...
compiling DAC.c...
compiling ADC.c...
compiling misc.c...
compiling stm32f10x_flash.c...
compiling stm32f10x_gpio.c...
compiling stm32f10x_rcc.c...
compiling stm32f10x_dac.c...
compiling NVIC.c...
compiling stm32f10x_usart.c...
compiling stm32f10x_tim.c...
compiling stm32f10x_adc.c...
compiling stm32f10x_dma.c...
assembling startup_stm32f10x_hd.s...
compiling core_cm3.c...
compiling SysTick.c...
compiling stm32f10x_it.c...
compiling system_stm32f10x.c...
linking...
Program Size: Code=17652 RO-data=360 RW-data=4864 ZI-data=12880  
FromELF: creating hex file...
".\Objects\STM32KeilPrj.axf" - 0 Error(s), 1 Warning(s).

<h2>Software Packages used:</h2>

Package Vendor: Keil
                http://www.keil.com/pack/Keil.STM32F1xx_DFP.2.1.0.pack
                Keil.STM32F1xx_DFP.2.1.0
                STMicroelectronics STM32F1 Series Device Support, Drivers and Examples

<h2>Collection of Component include folders:</h2>
  D:/stm32/keil/Pack/Keil/STM32F1xx_DFP/2.1.0/Device/Include

<h2>Collection of Component Files used:</h2>
Build Time Elapsed:  00:00:02
</pre>
</body>
</html>
